Copyright 1986-2019 Xilinx, Inc. All Rights Reserved.
-------------------------------------------------------------------------------------
| Tool Version : Vivado v.2019.2 (win64) Build 2708876 Wed Nov  6 21:40:23 MST 2019
| Date         : Sat Sep 12 03:57:38 2020
| Host         : DESKTOP-9GBQU5S running 64-bit major release  (build 9200)
| Command      : report_control_sets -verbose -file au_top_0_control_sets_placed.rpt
| Design       : au_top_0
| Device       : xc7a35t
-------------------------------------------------------------------------------------

Control Set Information

Table of Contents
-----------------
1. Summary
2. Histogram
3. Flip-Flop Distribution
4. Detailed Control Set Information

1. Summary
----------

+----------------------------------------------------------+-------+
|                          Status                          | Count |
+----------------------------------------------------------+-------+
| Total control sets                                       |    36 |
|    Minimum number of control sets                        |    36 |
|    Addition due to synthesis replication                 |     0 |
|    Addition due to physical synthesis replication        |     0 |
| Unused register locations in slices containing registers |    12 |
+----------------------------------------------------------+-------+
* Control sets can be merged at opt_design using control_set_merge or merge_equivalent_drivers
** Run report_qor_suggestions for automated merging and remapping suggestions


2. Histogram
------------

+--------------------+-------+
|       Fanout       | Count |
+--------------------+-------+
| Total control sets |    36 |
| >= 0 to < 4        |     0 |
| >= 4 to < 6        |     1 |
| >= 6 to < 8        |     0 |
| >= 8 to < 10       |     0 |
| >= 10 to < 12      |     0 |
| >= 12 to < 14      |     0 |
| >= 14 to < 16      |     0 |
| >= 16              |    35 |
+--------------------+-------+
* Control sets can be remapped at either synth_design or opt_design


3. Flip-Flop Distribution
-------------------------

+--------------+-----------------------+------------------------+-----------------+--------------+
| Clock Enable | Synchronous Set/Reset | Asynchronous Set/Reset | Total Registers | Total Slices |
+--------------+-----------------------+------------------------+-----------------+--------------+
| No           | No                    | No                     |              43 |           13 |
| No           | No                    | Yes                    |               0 |            0 |
| No           | Yes                   | No                     |              33 |            9 |
| Yes          | No                    | No                     |             992 |          474 |
| Yes          | No                    | Yes                    |               0 |            0 |
| Yes          | Yes                   | No                     |              32 |           11 |
+--------------+-----------------------+------------------------+-----------------+--------------+


4. Detailed Control Set Information
-----------------------------------

+----------------+------------------------------------+----------------------------+------------------+----------------+
|  Clock Signal  |            Enable Signal           |      Set/Reset Signal      | Slice Load Count | Bel Load Count |
+----------------+------------------------------------+----------------------------+------------------+----------------+
|  clk_IBUF_BUFG |                                    | reset_cond/M_reset_cond_in |                1 |              4 |
|  clk_IBUF_BUFG |                                    | reset_cond/Q[0]            |                8 |             29 |
|  clk_IBUF_BUFG | memory_unit/read_data_reg[26]_279  |                            |               18 |             32 |
|  clk_IBUF_BUFG | memory_unit/read_data_reg[26]_283  |                            |               16 |             32 |
|  clk_IBUF_BUFG | memory_unit/read_data_reg[26]_271  |                            |               13 |             32 |
|  clk_IBUF_BUFG | memory_unit/read_data_reg[26]_277  |                            |               13 |             32 |
|  clk_IBUF_BUFG | memory_unit/read_data_reg[26]_278  |                            |               16 |             32 |
|  clk_IBUF_BUFG | memory_unit/read_data_reg[26]_269  |                            |               17 |             32 |
|  clk_IBUF_BUFG | memory_unit/read_data_reg[26]_275  |                            |               14 |             32 |
|  clk_IBUF_BUFG | memory_unit/read_data_reg[26]_281  |                            |               13 |             32 |
|  clk_IBUF_BUFG | memory_unit/read_data_reg[26]_274  |                            |               13 |             32 |
|  clk_IBUF_BUFG | memory_unit/read_data_reg[26]_266  |                            |               17 |             32 |
|  clk_IBUF_BUFG | memory_unit/read_data_reg[26]_270  |                            |               12 |             32 |
|  clk_IBUF_BUFG | memory_unit/read_data_reg[26]_255  |                            |               15 |             32 |
|  clk_IBUF_BUFG | memory_unit/read_data_reg[26]_261  |                            |               17 |             32 |
|  clk_IBUF_BUFG | memory_unit/read_data_reg[26]_268  |                            |               17 |             32 |
|  clk_IBUF_BUFG | memory_unit/read_data_reg[26]_272  |                            |               12 |             32 |
|  clk_IBUF_BUFG | memory_unit/read_data_reg[26]_276  |                            |               12 |             32 |
|  clk_IBUF_BUFG | beta/control_system/E[0]           | beta/M_writer_counter_d    |               11 |             32 |
|  clk_IBUF_BUFG | memory_unit/read_data_reg[26]_284  |                            |               14 |             32 |
|  clk_IBUF_BUFG | memory_unit/read_data_reg[26]_280  |                            |               13 |             32 |
|  clk_IBUF_BUFG | memory_unit/read_data_reg[26]_259  |                            |               15 |             32 |
|  clk_IBUF_BUFG | memory_unit/read_data_reg[26]_262  |                            |               15 |             32 |
|  clk_IBUF_BUFG | memory_unit/read_data_reg[26]_256  |                            |               18 |             32 |
|  clk_IBUF_BUFG | memory_unit/read_data_reg[26]_282  |                            |               14 |             32 |
|  clk_IBUF_BUFG | memory_unit/read_data_reg[26]_285  |                            |               17 |             32 |
|  clk_IBUF_BUFG | memory_unit/read_data_reg[26]_265  |                            |               17 |             32 |
|  clk_IBUF_BUFG | memory_unit/read_data_reg[26]_273  |                            |               14 |             32 |
|  clk_IBUF_BUFG | memory_unit/read_data_reg[26]_264  |                            |               19 |             32 |
|  clk_IBUF_BUFG | memory_unit/read_data_reg[26]_257  |                            |               13 |             32 |
|  clk_IBUF_BUFG | memory_unit/read_data_reg[26]_260  |                            |               15 |             32 |
|  clk_IBUF_BUFG | memory_unit/read_data_reg[26]_267  |                            |               21 |             32 |
|  clk_IBUF_BUFG | memory_unit/read_data_reg[26]_263  |                            |               19 |             32 |
|  clk_IBUF_BUFG | memory_unit/read_data_reg[26]_258  |                            |               15 |             32 |
|  clk_IBUF_BUFG |                                    |                            |               13 |             43 |
|  clk_IBUF_BUFG | memory_unit/M_memory_unit_write_en |                            |                6 |             48 |
+----------------+------------------------------------+----------------------------+------------------+----------------+


